interactions:
- request:
    body: '{"informatieobjecttype": "http://localhost:8003/catalogi/api/v1/informatieobjecttypen/531f6c1a-97f7-478c-85f0-67d2f23661c7",
      "bronorganisatie": "000000000", "creatiedatum": "2024-03-19", "titel": "Form
      032", "auteur": "Aanvrager", "taal": "nld", "formaat": "image/pjpeg", "inhoud":
      "Y29udGVudA==", "status": "definitief", "bestandsnaam": "foo-6.bin", "ontvangstdatum":
      "2024-03-10", "beschrijving": "Bijgevoegd document", "indicatieGebruiksrecht":
      false, "bestandsomvang": 7}'
    headers:
      Accept:
      - '*/*'
      Accept-Encoding:
      - gzip, deflate, br
      Authorization:
      - Bearer eyJhbGciOiJIUzI1NiIsInR5cCI6IkpXVCJ9.eyJpc3MiOiJ0ZXN0X2NsaWVudF9pZCIsImlhdCI6MTcxMDg1NTYzNCwiZXhwIjoxNzEwODk4ODM0LCJjbGllbnRfaWQiOiJ0ZXN0X2NsaWVudF9pZCIsInVzZXJfaWQiOiIiLCJ1c2VyX3JlcHJlc2VudGF0aW9uIjoiIn0.1QOj3L9sOzuw2hAb6l55ybVVF5K9Jj7PPd_Ag2LO9NM
      Connection:
      - keep-alive
      Content-Length:
      - '475'
      Content-Type:
      - application/json
      User-Agent:
      - python-requests/2.32.2
    method: POST
    uri: http://localhost:8003/documenten/api/v1/enkelvoudiginformatieobjecten
  response:
    body:
      string: '{"url":"http://localhost:8003/documenten/api/v1/enkelvoudiginformatieobjecten/c1955259-fa7b-4506-b366-8142b0e900b2","identificatie":"DOCUMENT-2024-0000000030","bronorganisatie":"000000000","creatiedatum":"2024-03-19","titel":"Form
        032","vertrouwelijkheidaanduiding":"openbaar","auteur":"Aanvrager","status":"definitief","formaat":"image/pjpeg","taal":"nld","versie":1,"beginRegistratie":"2025-05-21T09:33:43.617580Z","bestandsnaam":"foo-6.bin","inhoud":"http://localhost:8003/documenten/api/v1/enkelvoudiginformatieobjecten/c1955259-fa7b-4506-b366-8142b0e900b2/download?versie=1","bestandsomvang":7,"link":"","beschrijving":"Bijgevoegd
        document","ontvangstdatum":"2024-03-10","verzenddatum":null,"indicatieGebruiksrecht":false,"verschijningsvorm":"","ondertekening":{"soort":"","datum":null},"integriteit":{"algoritme":"","waarde":"","datum":null},"informatieobjecttype":"http://localhost:8003/catalogi/api/v1/informatieobjecttypen/531f6c1a-97f7-478c-85f0-67d2f23661c7","locked":false,"bestandsdelen":[],"trefwoorden":[],"lock":""}'
    headers:
      API-version:
      - 1.4.2
      Allow:
      - GET, POST, HEAD, OPTIONS
      Content-Length:
      - '1031'
      Content-Type:
      - application/json
      Cross-Origin-Opener-Policy:
      - same-origin
      Location:
      - http://localhost:8003/documenten/api/v1/enkelvoudiginformatieobjecten/c1955259-fa7b-4506-b366-8142b0e900b2
      Referrer-Policy:
      - same-origin
      Vary:
      - origin
      X-Content-Type-Options:
      - nosniff
      X-Frame-Options:
      - DENY
    status:
      code: 201
      message: Created
- request:
    body: null
    headers:
      Accept:
      - '*/*'
      Accept-Encoding:
      - gzip, deflate, br
      Authorization:
      - Token 171be5abaf41e7856b423ad513df1ef8f867ff48
      Connection:
      - keep-alive
      User-Agent:
      - python-requests/2.32.2
    method: GET
    uri: http://localhost:8001/api/v2/objecttypes/8faed0fa-7864-4409-aa6d-533a37616a9e
  response:
    body:
      string: '{"url":"http://objecttypes-web:8000/api/v2/objecttypes/8faed0fa-7864-4409-aa6d-533a37616a9e","uuid":"8faed0fa-7864-4409-aa6d-533a37616a9e","name":"Accepts
        everything","namePlural":"Accepts everything","description":"","dataClassification":"open","maintainerOrganization":"","maintainerDepartment":"","contactPerson":"","contactEmail":"","source":"","updateFrequency":"unknown","providerOrganization":"","documentationUrl":"","labels":{},"createdAt":"2024-07-22","modifiedAt":"2024-07-22","allowGeometry":true,"versions":["http://objecttypes-web:8000/api/v2/objecttypes/8faed0fa-7864-4409-aa6d-533a37616a9e/versions/1"]}'
    headers:
      Allow:
      - GET, PUT, PATCH, DELETE, HEAD, OPTIONS
      Connection:
      - keep-alive
      Content-Length:
      - '619'
      Content-Type:
      - application/json
      Cross-Origin-Opener-Policy:
      - same-origin
      Date:
      - Wed, 21 May 2025 09:33:43 GMT
      Referrer-Policy:
      - same-origin
      Server:
      - nginx/1.27.4
      Vary:
      - origin
      X-Content-Type-Options:
      - nosniff
      X-Frame-Options:
      - DENY
    status:
      code: 200
      message: OK
- request:
    body: '{"type": "http://objecttypes-web:8000/api/v2/objecttypes/8faed0fa-7864-4409-aa6d-533a37616a9e",
      "record": {"typeVersion": 1, "data": {"repeatingGroup": [{"nestedRepeatingGroup":
      [{"file": "http://localhost:8003/documenten/api/v1/enkelvoudiginformatieobjecten/c1955259-fa7b-4506-b366-8142b0e900b2",
      "email": "info@example.com"}]}]}, "startAt": "2024-03-19"}}'
    headers:
      Accept:
      - '*/*'
      Accept-Encoding:
      - gzip, deflate, br
      Authorization:
      - Token 7657474c3d75f56ae0abd0d1bf7994b09964dca9
      Connection:
      - keep-alive
      Content-Crs:
      - EPSG:4326
      Content-Length:
      - '357'
      Content-Type:
      - application/json
      User-Agent:
      - python-requests/2.32.2
    method: POST
    uri: http://localhost:8002/api/v2/objects
  response:
    body:
      string: '{"url":"http://objects-web:8000/api/v2/objects/1bec5e4e-1aef-4dc5-a202-e62dcd045a96","uuid":"1bec5e4e-1aef-4dc5-a202-e62dcd045a96","type":"http://objecttypes-web:8000/api/v2/objecttypes/8faed0fa-7864-4409-aa6d-533a37616a9e","record":{"index":1,"typeVersion":1,"data":{"repeatingGroup":[{"nestedRepeatingGroup":[{"file":"http://localhost:8003/documenten/api/v1/enkelvoudiginformatieobjecten/c1955259-fa7b-4506-b366-8142b0e900b2","email":"info@example.com"}]}]},"geometry":null,"startAt":"2024-03-19","endAt":null,"registrationAt":"2025-05-21","correctionFor":null,"correctedBy":null}}'
    headers:
      Allow:
      - GET, POST, HEAD, OPTIONS
      Connection:
      - keep-alive
      Content-Crs:
      - EPSG:4326
      Content-Length:
      - '583'
      Content-Type:
      - application/json
      Cross-Origin-Opener-Policy:
      - same-origin
      Date:
      - Wed, 21 May 2025 09:33:43 GMT
      Location:
      - http://localhost:8002/api/v2/objects/1bec5e4e-1aef-4dc5-a202-e62dcd045a96
      Referrer-Policy:
      - same-origin
      Server:
      - nginx/1.27.4
      Vary:
      - origin
      X-Content-Type-Options:
      - nosniff
      X-Frame-Options:
      - DENY
    status:
      code: 201
      message: Created
version: 1
