interactions:
- request:
    body: '{"informatieobjecttype": "http://localhost:8003/catalogi/api/v1/informatieobjecttypen/7a474713-0833-402a-8441-e467c08ac55b",
      "bronorganisatie": "000000000", "creatiedatum": "2024-11-26", "titel": "Form
      014", "auteur": "Aanvrager", "taal": "eng", "formaat": "application/pdf", "inhoud":
      "", "status": "definitief", "bestandsnaam": "open-forms-Form 014.pdf", "ontvangstdatum":
      null, "beschrijving": "Ingezonden formulier", "indicatieGebruiksrecht": false,
      "bestandsomvang": 0}'
    headers:
      Accept:
      - '*/*'
      Accept-Encoding:
      - gzip, deflate, br
      Authorization:
      - Bearer eyJhbGciOiJIUzI1NiIsInR5cCI6IkpXVCJ9.eyJpc3MiOiJ0ZXN0X2NsaWVudF9pZCIsImlhdCI6MTczMjYxNjkyNSwiY2xpZW50X2lkIjoidGVzdF9jbGllbnRfaWQiLCJ1c2VyX2lkIjoiIiwidXNlcl9yZXByZXNlbnRhdGlvbiI6IiJ9.8rW1ln_d-AK19xHai8L9y4WFq5nTCYhiFzLxLUMpTFI
      Connection:
      - keep-alive
      Content-Length:
      - '474'
      Content-Type:
      - application/json
      User-Agent:
      - python-requests/2.32.2
    method: POST
    uri: http://localhost:8003/documenten/api/v1/enkelvoudiginformatieobjecten
  response:
    body:
      string: '{"url":"http://localhost:8003/documenten/api/v1/enkelvoudiginformatieobjecten/542d8a4b-61d4-4268-b23b-e90485a2679a","identificatie":"DOCUMENT-2024-0000000026","bronorganisatie":"000000000","creatiedatum":"2024-11-26","titel":"Form
        014","vertrouwelijkheidaanduiding":"openbaar","auteur":"Aanvrager","status":"definitief","formaat":"application/pdf","taal":"eng","versie":1,"beginRegistratie":"2024-11-26T10:28:45.658069Z","bestandsnaam":"open-forms-Form
        014.pdf","inhoud":"http://localhost:8003/documenten/api/v1/enkelvoudiginformatieobjecten/542d8a4b-61d4-4268-b23b-e90485a2679a/download?versie=1","bestandsomvang":0,"link":"","beschrijving":"Ingezonden
        formulier","ontvangstdatum":null,"verzenddatum":null,"indicatieGebruiksrecht":false,"verschijningsvorm":"","ondertekening":{"soort":"","datum":null},"integriteit":{"algoritme":"","waarde":"","datum":null},"informatieobjecttype":"http://localhost:8003/catalogi/api/v1/informatieobjecttypen/7a474713-0833-402a-8441-e467c08ac55b","locked":false,"bestandsdelen":[],"trefwoorden":[],"lock":""}'
    headers:
      API-version:
      - 1.4.2
      Allow:
      - GET, POST, HEAD, OPTIONS
      Content-Length:
      - '1042'
      Content-Type:
      - application/json
      Cross-Origin-Opener-Policy:
      - same-origin
      Location:
      - http://localhost:8003/documenten/api/v1/enkelvoudiginformatieobjecten/542d8a4b-61d4-4268-b23b-e90485a2679a
      Referrer-Policy:
      - same-origin
      Vary:
      - origin
      X-Content-Type-Options:
      - nosniff
      X-Frame-Options:
      - DENY
    status:
      code: 201
      message: Created
- request:
    body: '{"informatieobjecttype": "http://localhost:8003/catalogi/api/v1/informatieobjecttypen/cd6aeaf2-ca37-416f-b78c-1cc302f81a81",
      "bronorganisatie": "111222333", "creatiedatum": "2024-11-26", "titel": "A Custom
      Title", "auteur": "Aanvrager", "taal": "eng", "formaat": "text/cmd", "inhoud":
      "Y29udGVudA==", "status": "definitief", "bestandsnaam": "some-attachment.jpg",
      "ontvangstdatum": "2024-11-18", "beschrijving": "Bijgevoegd document", "indicatieGebruiksrecht":
      false, "bestandsomvang": 7, "vertrouwelijkheidaanduiding": "geheim"}'
    headers:
      Accept:
      - '*/*'
      Accept-Encoding:
      - gzip, deflate, br
      Authorization:
      - Bearer eyJhbGciOiJIUzI1NiIsInR5cCI6IkpXVCJ9.eyJpc3MiOiJ0ZXN0X2NsaWVudF9pZCIsImlhdCI6MTczMjYxNjkyNSwiY2xpZW50X2lkIjoidGVzdF9jbGllbnRfaWQiLCJ1c2VyX2lkIjoiIiwidXNlcl9yZXByZXNlbnRhdGlvbiI6IiJ9.8rW1ln_d-AK19xHai8L9y4WFq5nTCYhiFzLxLUMpTFI
      Connection:
      - keep-alive
      Content-Length:
      - '529'
      Content-Type:
      - application/json
      User-Agent:
      - python-requests/2.32.2
    method: POST
    uri: http://localhost:8003/documenten/api/v1/enkelvoudiginformatieobjecten
  response:
    body:
      string: '{"url":"http://localhost:8003/documenten/api/v1/enkelvoudiginformatieobjecten/8dab3ada-4e70-4c2d-9471-42a2f0dbe553","identificatie":"DOCUMENT-2024-0000000027","bronorganisatie":"111222333","creatiedatum":"2024-11-26","titel":"A
        Custom Title","vertrouwelijkheidaanduiding":"geheim","auteur":"Aanvrager","status":"definitief","formaat":"text/cmd","taal":"eng","versie":1,"beginRegistratie":"2024-11-26T10:28:45.749396Z","bestandsnaam":"some-attachment.jpg","inhoud":"http://localhost:8003/documenten/api/v1/enkelvoudiginformatieobjecten/8dab3ada-4e70-4c2d-9471-42a2f0dbe553/download?versie=1","bestandsomvang":7,"link":"","beschrijving":"Bijgevoegd
        document","ontvangstdatum":"2024-11-18","verzenddatum":null,"indicatieGebruiksrecht":false,"verschijningsvorm":"","ondertekening":{"soort":"","datum":null},"integriteit":{"algoritme":"","waarde":"","datum":null},"informatieobjecttype":"http://localhost:8003/catalogi/api/v1/informatieobjecttypen/cd6aeaf2-ca37-416f-b78c-1cc302f81a81","locked":false,"bestandsdelen":[],"trefwoorden":[],"lock":""}'
    headers:
      API-version:
      - 1.4.2
      Allow:
      - GET, POST, HEAD, OPTIONS
      Content-Length:
      - '1042'
      Content-Type:
      - application/json
      Cross-Origin-Opener-Policy:
      - same-origin
      Location:
      - http://localhost:8003/documenten/api/v1/enkelvoudiginformatieobjecten/8dab3ada-4e70-4c2d-9471-42a2f0dbe553
      Referrer-Policy:
      - same-origin
      Vary:
      - origin
      X-Content-Type-Options:
      - nosniff
      X-Frame-Options:
      - DENY
    status:
      code: 201
      message: Created
- request:
    body: null
    headers:
      Accept:
      - '*/*'
      Accept-Encoding:
      - gzip, deflate, br
      Authorization:
      - Token 171be5abaf41e7856b423ad513df1ef8f867ff48
      Connection:
      - keep-alive
      User-Agent:
      - python-requests/2.32.2
    method: GET
    uri: http://localhost:8001/api/v2/objecttypes/8faed0fa-7864-4409-aa6d-533a37616a9e
  response:
    body:
      string: '{"url":"http://objecttypes-web:8000/api/v2/objecttypes/8faed0fa-7864-4409-aa6d-533a37616a9e","uuid":"8faed0fa-7864-4409-aa6d-533a37616a9e","name":"Accepts
        everything","namePlural":"Accepts everything","description":"","dataClassification":"open","maintainerOrganization":"","maintainerDepartment":"","contactPerson":"","contactEmail":"","source":"","updateFrequency":"unknown","providerOrganization":"","documentationUrl":"","labels":{},"createdAt":"2024-07-22","modifiedAt":"2024-07-22","allowGeometry":true,"versions":["http://objecttypes-web:8000/api/v2/objecttypes/8faed0fa-7864-4409-aa6d-533a37616a9e/versions/1"]}'
    headers:
      Allow:
      - GET, PUT, PATCH, DELETE, HEAD, OPTIONS
      Connection:
      - keep-alive
      Content-Length:
      - '619'
      Content-Type:
      - application/json
      Cross-Origin-Opener-Policy:
      - same-origin
      Date:
      - Tue, 26 Nov 2024 10:28:45 GMT
      Referrer-Policy:
      - same-origin
      Server:
      - nginx/1.27.0
      Vary:
      - origin
      X-Content-Type-Options:
      - nosniff
      X-Frame-Options:
      - DENY
    status:
      code: 200
      message: OK
- request:
    body: '{"type": "http://objecttypes-web:8000/api/v2/objecttypes/8faed0fa-7864-4409-aa6d-533a37616a9e",
      "record": {"typeVersion": 1, "data": {"bron": {"naam": "Open Formulieren", "kenmerk":
      "1eb404ed-2157-4146-8b49-5795b8bc398d"}, "type": "terugbelnotitie", "aanvraaggegevens":
      {"fd-11": {"fileUpload": [{"url": "http://server/api/v2/submissions/files/62f2ec22-da7d-4385-b719-b8637c1cd483",
      "data": {"url": "http://server/api/v2/submissions/files/62f2ec22-da7d-4385-b719-b8637c1cd483",
      "form": "", "name": "some-attachment.jpg", "size": 46114, "baseUrl": "http://server/form",
      "project": ""}, "name": "my-image-12305610-2da4-4694-a341-ccb919c3d543.jpg",
      "size": 46114, "type": "image/jpg", "storage": "url", "originalName": "some-attachment.jpg"}]}},
      "taal": "en", "betrokkenen": [{"inpBsn": "", "rolOmschrijvingGeneriek": "initiator"}],
      "pdf": "http://localhost:8003/documenten/api/v1/enkelvoudiginformatieobjecten/542d8a4b-61d4-4268-b23b-e90485a2679a",
      "csv": "", "bijlagen": ["http://localhost:8003/documenten/api/v1/enkelvoudiginformatieobjecten/8dab3ada-4e70-4c2d-9471-42a2f0dbe553"],
      "payment": {"completed": false, "amount": 0, "public_order_ids": [], "payment_ids":
      []}}, "startAt": "2024-11-26"}}'
    headers:
      Accept:
      - '*/*'
      Accept-Encoding:
      - gzip, deflate, br
      Authorization:
      - Token 7657474c3d75f56ae0abd0d1bf7994b09964dca9
      Connection:
      - keep-alive
      Content-Crs:
      - EPSG:4326
      Content-Length:
      - '1197'
      Content-Type:
      - application/json
      User-Agent:
      - python-requests/2.32.2
    method: POST
    uri: http://localhost:8002/api/v2/objects
  response:
    body:
      string: '{"url":"http://objects-web:8000/api/v2/objects/9dc6ab78-7960-4fbf-bfe7-00a05222bb54","uuid":"9dc6ab78-7960-4fbf-bfe7-00a05222bb54","type":"http://objecttypes-web:8000/api/v2/objecttypes/8faed0fa-7864-4409-aa6d-533a37616a9e","record":{"index":1,"typeVersion":1,"data":{"bron":{"naam":"Open
        Formulieren","kenmerk":"1eb404ed-2157-4146-8b49-5795b8bc398d"},"type":"terugbelnotitie","aanvraaggegevens":{"fd-11":{"fileUpload":[{"url":"http://server/api/v2/submissions/files/62f2ec22-da7d-4385-b719-b8637c1cd483","data":{"url":"http://server/api/v2/submissions/files/62f2ec22-da7d-4385-b719-b8637c1cd483","form":"","name":"some-attachment.jpg","size":46114,"baseUrl":"http://server/form","project":""},"name":"my-image-12305610-2da4-4694-a341-ccb919c3d543.jpg","size":46114,"type":"image/jpg","storage":"url","originalName":"some-attachment.jpg"}]}},"taal":"en","betrokkenen":[{"inpBsn":"","rolOmschrijvingGeneriek":"initiator"}],"pdf":"http://localhost:8003/documenten/api/v1/enkelvoudiginformatieobjecten/542d8a4b-61d4-4268-b23b-e90485a2679a","csv":"","bijlagen":["http://localhost:8003/documenten/api/v1/enkelvoudiginformatieobjecten/8dab3ada-4e70-4c2d-9471-42a2f0dbe553"],"payment":{"completed":false,"amount":0,"public_order_ids":[],"payment_ids":[]}},"geometry":null,"startAt":"2024-11-26","endAt":null,"registrationAt":"2024-11-26","correctionFor":null,"correctedBy":null}}'
    headers:
      Allow:
      - GET, POST, HEAD, OPTIONS
      Connection:
      - keep-alive
      Content-Crs:
      - EPSG:4326
      Content-Length:
      - '1372'
      Content-Type:
      - application/json
      Cross-Origin-Opener-Policy:
      - same-origin
      Date:
      - Tue, 26 Nov 2024 10:28:45 GMT
      Location:
      - http://localhost:8002/api/v2/objects/9dc6ab78-7960-4fbf-bfe7-00a05222bb54
      Referrer-Policy:
      - same-origin
      Server:
      - nginx/1.27.0
      Vary:
      - origin
      X-Content-Type-Options:
      - nosniff
      X-Frame-Options:
      - DENY
    status:
      code: 201
      message: Created
- request:
    body: null
    headers:
      Accept:
      - '*/*'
      Accept-Encoding:
      - gzip, deflate, br
      Authorization:
      - Bearer eyJhbGciOiJIUzI1NiIsInR5cCI6IkpXVCJ9.eyJpc3MiOiJ0ZXN0X2NsaWVudF9pZCIsImlhdCI6MTczMjYxNjkyNSwiY2xpZW50X2lkIjoidGVzdF9jbGllbnRfaWQiLCJ1c2VyX2lkIjoiIiwidXNlcl9yZXByZXNlbnRhdGlvbiI6IiJ9.8rW1ln_d-AK19xHai8L9y4WFq5nTCYhiFzLxLUMpTFI
      Connection:
      - keep-alive
      User-Agent:
      - python-requests/2.32.2
    method: GET
    uri: http://localhost:8003/documenten/api/v1/enkelvoudiginformatieobjecten/8dab3ada-4e70-4c2d-9471-42a2f0dbe553
  response:
    body:
      string: '{"url":"http://localhost:8003/documenten/api/v1/enkelvoudiginformatieobjecten/8dab3ada-4e70-4c2d-9471-42a2f0dbe553","identificatie":"DOCUMENT-2024-0000000027","bronorganisatie":"111222333","creatiedatum":"2024-11-26","titel":"A
        Custom Title","vertrouwelijkheidaanduiding":"geheim","auteur":"Aanvrager","status":"definitief","formaat":"text/cmd","taal":"eng","versie":1,"beginRegistratie":"2024-11-26T10:28:45.749396Z","bestandsnaam":"some-attachment.jpg","inhoud":"http://localhost:8003/documenten/api/v1/enkelvoudiginformatieobjecten/8dab3ada-4e70-4c2d-9471-42a2f0dbe553/download?versie=1","bestandsomvang":7,"link":"","beschrijving":"Bijgevoegd
        document","ontvangstdatum":"2024-11-18","verzenddatum":null,"indicatieGebruiksrecht":false,"verschijningsvorm":"","ondertekening":{"soort":"","datum":null},"integriteit":{"algoritme":"","waarde":"","datum":null},"informatieobjecttype":"http://localhost:8003/catalogi/api/v1/informatieobjecttypen/cd6aeaf2-ca37-416f-b78c-1cc302f81a81","locked":false,"bestandsdelen":[],"trefwoorden":[]}'
    headers:
      API-version:
      - 1.4.2
      Allow:
      - GET, PUT, PATCH, DELETE, HEAD, OPTIONS
      Content-Length:
      - '1032'
      Content-Type:
      - application/json
      Cross-Origin-Opener-Policy:
      - same-origin
      ETag:
      - '"c0b2cc544e7aa8398addc22c5e43f25e"'
      Referrer-Policy:
      - same-origin
      Vary:
      - origin
      X-Content-Type-Options:
      - nosniff
      X-Frame-Options:
      - DENY
    status:
      code: 200
      message: OK
version: 1
